Archive member included to satisfy reference by file (symbol)

c:/gmd/toolchain/arm_toolchain/bin/../lib/gcc/arm-none-eabi/8.3.1/../../../../arm-none-eabi/lib/thumb/v7-m/nofp\libg.a(lib_a-exit.o)
                              c:/gmd/toolchain/arm_toolchain/bin/../lib/gcc/arm-none-eabi/8.3.1/../../../../arm-none-eabi/lib/thumb/v7-m/nofp/crt0.o (exit)
c:/gmd/toolchain/arm_toolchain/bin/../lib/gcc/arm-none-eabi/8.3.1/../../../../arm-none-eabi/lib/thumb/v7-m/nofp\libg.a(lib_a-impure.o)
                              c:/gmd/toolchain/arm_toolchain/bin/../lib/gcc/arm-none-eabi/8.3.1/../../../../arm-none-eabi/lib/thumb/v7-m/nofp\libg.a(lib_a-exit.o) (_global_impure_ptr)
c:/gmd/toolchain/arm_toolchain/bin/../lib/gcc/arm-none-eabi/8.3.1/../../../../arm-none-eabi/lib/thumb/v7-m/nofp\libg.a(lib_a-init.o)
                              c:/gmd/toolchain/arm_toolchain/bin/../lib/gcc/arm-none-eabi/8.3.1/../../../../arm-none-eabi/lib/thumb/v7-m/nofp/crt0.o (__libc_init_array)
c:/gmd/toolchain/arm_toolchain/bin/../lib/gcc/arm-none-eabi/8.3.1/../../../../arm-none-eabi/lib/thumb/v7-m/nofp\libg.a(lib_a-memset.o)
                              c:/gmd/toolchain/arm_toolchain/bin/../lib/gcc/arm-none-eabi/8.3.1/../../../../arm-none-eabi/lib/thumb/v7-m/nofp/crt0.o (memset)
c:/gmd/toolchain/arm_toolchain/bin/../lib/gcc/arm-none-eabi/8.3.1/../../../../arm-none-eabi/lib/thumb/v7-m/nofp\libg.a(lib_a-__call_atexit.o)
                              c:/gmd/toolchain/arm_toolchain/bin/../lib/gcc/arm-none-eabi/8.3.1/../../../../arm-none-eabi/lib/thumb/v7-m/nofp\libg.a(lib_a-exit.o) (__call_exitprocs)
c:/gmd/toolchain/arm_toolchain/bin/../lib/gcc/arm-none-eabi/8.3.1/../../../../arm-none-eabi/lib/thumb/v7-m/nofp\libg.a(lib_a-atexit.o)
                              c:/gmd/toolchain/arm_toolchain/bin/../lib/gcc/arm-none-eabi/8.3.1/../../../../arm-none-eabi/lib/thumb/v7-m/nofp\libg.a(lib_a-__call_atexit.o) (atexit)
c:/gmd/toolchain/arm_toolchain/bin/../lib/gcc/arm-none-eabi/8.3.1/../../../../arm-none-eabi/lib/thumb/v7-m/nofp\libg.a(lib_a-fini.o)
                              c:/gmd/toolchain/arm_toolchain/bin/../lib/gcc/arm-none-eabi/8.3.1/../../../../arm-none-eabi/lib/thumb/v7-m/nofp\libg.a(lib_a-__call_atexit.o) (__libc_fini_array)
c:/gmd/toolchain/arm_toolchain/bin/../lib/gcc/arm-none-eabi/8.3.1/../../../../arm-none-eabi/lib/thumb/v7-m/nofp\libg.a(lib_a-lock.o)
                              c:/gmd/toolchain/arm_toolchain/bin/../lib/gcc/arm-none-eabi/8.3.1/../../../../arm-none-eabi/lib/thumb/v7-m/nofp\libg.a(lib_a-__call_atexit.o) (__retarget_lock_acquire_recursive)
c:/gmd/toolchain/arm_toolchain/bin/../lib/gcc/arm-none-eabi/8.3.1/../../../../arm-none-eabi/lib/thumb/v7-m/nofp\libg.a(lib_a-__atexit.o)
                              c:/gmd/toolchain/arm_toolchain/bin/../lib/gcc/arm-none-eabi/8.3.1/../../../../arm-none-eabi/lib/thumb/v7-m/nofp\libg.a(lib_a-atexit.o) (__register_exitproc)
c:/gmd/toolchain/arm_toolchain/bin/../lib/gcc/arm-none-eabi/8.3.1/../../../../arm-none-eabi/lib/thumb/v7-m/nofp\libnosys.a(_exit.o)
                              c:/gmd/toolchain/arm_toolchain/bin/../lib/gcc/arm-none-eabi/8.3.1/../../../../arm-none-eabi/lib/thumb/v7-m/nofp\libg.a(lib_a-exit.o) (_exit)

Allocating common symbols
Common symbol       size              file

__lock___atexit_recursive_mutex
                    0x1               c:/gmd/toolchain/arm_toolchain/bin/../lib/gcc/arm-none-eabi/8.3.1/../../../../arm-none-eabi/lib/thumb/v7-m/nofp\libg.a(lib_a-lock.o)
__lock___arc4random_mutex
                    0x1               c:/gmd/toolchain/arm_toolchain/bin/../lib/gcc/arm-none-eabi/8.3.1/../../../../arm-none-eabi/lib/thumb/v7-m/nofp\libg.a(lib_a-lock.o)
__lock___env_recursive_mutex
                    0x1               c:/gmd/toolchain/arm_toolchain/bin/../lib/gcc/arm-none-eabi/8.3.1/../../../../arm-none-eabi/lib/thumb/v7-m/nofp\libg.a(lib_a-lock.o)
__lock___sinit_recursive_mutex
                    0x1               c:/gmd/toolchain/arm_toolchain/bin/../lib/gcc/arm-none-eabi/8.3.1/../../../../arm-none-eabi/lib/thumb/v7-m/nofp\libg.a(lib_a-lock.o)
__lock___malloc_recursive_mutex
                    0x1               c:/gmd/toolchain/arm_toolchain/bin/../lib/gcc/arm-none-eabi/8.3.1/../../../../arm-none-eabi/lib/thumb/v7-m/nofp\libg.a(lib_a-lock.o)
__lock___at_quick_exit_mutex
                    0x1               c:/gmd/toolchain/arm_toolchain/bin/../lib/gcc/arm-none-eabi/8.3.1/../../../../arm-none-eabi/lib/thumb/v7-m/nofp\libg.a(lib_a-lock.o)
__lock___dd_hash_mutex
                    0x1               c:/gmd/toolchain/arm_toolchain/bin/../lib/gcc/arm-none-eabi/8.3.1/../../../../arm-none-eabi/lib/thumb/v7-m/nofp\libg.a(lib_a-lock.o)
__lock___tz_mutex   0x1               c:/gmd/toolchain/arm_toolchain/bin/../lib/gcc/arm-none-eabi/8.3.1/../../../../arm-none-eabi/lib/thumb/v7-m/nofp\libg.a(lib_a-lock.o)
__lock___sfp_recursive_mutex
[...]
Memory Configuration

Name             Origin             Length             Attributes
FLASH            0x00000000         0x00008000         xr
RAM              0x20000000         0x00004000         xrw
*default*        0x00000000         0xffffffff

Linker script and memory map

LOAD c:/gmd/toolchain/arm_toolchain/bin/../lib/gcc/arm-none-eabi/8.3.1/thumb/v7-m/nofp/crti.o
LOAD c:/gmd/toolchain/arm_toolchain/bin/../lib/gcc/arm-none-eabi/8.3.1/thumb/v7-m/nofp/crtbegin.o
LOAD c:/gmd/toolchain/arm_toolchain/bin/../lib/gcc/arm-none-eabi/8.3.1/../../../../arm-none-eabi/lib/thumb/v7-m/nofp/crt0.o
LOAD ./USER/gw1ns4c_it.o
LOAD ./USER/main.o
LOAD ./USER/retarget.o
LOAD ./SYSTEM/system_gw1ns4c.o
LOAD ./STARTUP/startup_gw1ns4c.o
LOAD ./PERIPHERAL/Sources/gw1ns4c_gpio.o
LOAD ./PERIPHERAL/Sources/gw1ns4c_i2c.o
LOAD ./PERIPHERAL/Sources/gw1ns4c_misc.o
LOAD ./PERIPHERAL/Sources/gw1ns4c_rtc.o
LOAD ./PERIPHERAL/Sources/gw1ns4c_spi.o
LOAD ./PERIPHERAL/Sources/gw1ns4c_syscon.o
LOAD ./PERIPHERAL/Sources/gw1ns4c_timer.o
LOAD ./PERIPHERAL/Sources/gw1ns4c_uart.o
LOAD ./PERIPHERAL/Sources/gw1ns4c_wdog.o
LOAD ./CORE/core_cm3.o
START GROUP
LOAD c:/gmd/toolchain/arm_toolchain/bin/../lib/gcc/arm-none-eabi/8.3.1/thumb/v7-m/nofp\libgcc.a
LOAD c:/gmd/toolchain/arm_toolchain/bin/../lib/gcc/arm-none-eabi/8.3.1/../../../../arm-none-eabi/lib/thumb/v7-m/nofp\libg.a
LOAD c:/gmd/toolchain/arm_toolchain/bin/../lib/gcc/arm-none-eabi/8.3.1/../../../../arm-none-eabi/lib/thumb/v7-m/nofp\libc.a
END GROUP
LOAD c:/gmd/toolchain/arm_toolchain/bin/../lib/gcc/arm-none-eabi/8.3.1/thumb/v7-m/nofp/crtend.o
LOAD c:/gmd/toolchain/arm_toolchain/bin/../lib/gcc/arm-none-eabi/8.3.1/thumb/v7-m/nofp/crtn.o
START GROUP
LOAD c:/gmd/toolchain/arm_toolchain/bin/../lib/gcc/arm-none-eabi/8.3.1/thumb/v7-m/nofp\libgcc.a
LOAD c:/gmd/toolchain/arm_toolchain/bin/../lib/gcc/arm-none-eabi/8.3.1/../../../../arm-none-eabi/lib/thumb/v7-m/nofp\libc.a
LOAD c:/gmd/toolchain/arm_toolchain/bin/../lib/gcc/arm-none-eabi/8.3.1/../../../../arm-none-eabi/lib/thumb/v7-m/nofp\libm.a
LOAD c:/gmd/toolchain/arm_toolchain/bin/../lib/gcc/arm-none-eabi/8.3.1/../../../../arm-none-eabi/lib/thumb/v7-m/nofp\libnosys.a
END GROUP

.text           0x00000000      0x9a8
 *(.isr_vector)
 .isr_vector    0x00000000       0xc0 ./STARTUP/startup_gw1ns4c.o
                0x00000000                __isr_vector
 *(.text*)
 .text.NMI_Handler
                0x000000c0        0x4 ./USER/gw1ns4c_it.o
                0x000000c0                NMI_Handler
 .text.HardFault_Handler
                0x000000c4        0x4 ./USER/gw1ns4c_it.o
                0x000000c4                HardFault_Handler
 .text.MemManage_Handler
                0x000000c8        0x4 ./USER/gw1ns4c_it.o
                0x000000c8                MemManage_Handler
 .text.BusFault_Handler
                0x000000cc        0x4 ./USER/gw1ns4c_it.o
                0x000000cc                BusFault_Handler
 .text.UsageFault_Handler
                0x000000d0        0x4 ./USER/gw1ns4c_it.o
                0x000000d0                UsageFault_Handler
 .text.SVC_Handler
                0x000000d4        0x4 ./USER/gw1ns4c_it.o
                0x000000d4                SVC_Handler
 .text.DebugMon_Handler
                0x000000d8        0x4 ./USER/gw1ns4c_it.o
                0x000000d8                DebugMon_Handler
 .text.PendSV_Handler
                0x000000dc        0x4 ./USER/gw1ns4c_it.o
                0x000000dc                PendSV_Handler
 .text.SysTick_Handler
                0x000000e0        0x4 ./USER/gw1ns4c_it.o
                0x000000e0                SysTick_Handler
 .text.USER_INT0_Handler
                0x000000e4        0x4 ./USER/gw1ns4c_it.o
                0x000000e4                USER_INT0_Handler
 .text.USER_INT1_Handler
                0x000000e8        0x4 ./USER/gw1ns4c_it.o
                0x000000e8                USER_INT1_Handler
 .text.USER_INT2_Handler
                0x000000ec        0x4 ./USER/gw1ns4c_it.o
                0x000000ec                USER_INT2_Handler
 .text.USER_INT3_Handler
                0x000000f0        0x4 ./USER/gw1ns4c_it.o
                0x000000f0                USER_INT3_Handler
 .text.USER_INT4_Handler
                0x000000f4        0x4 ./USER/gw1ns4c_it.o
                0x000000f4                USER_INT4_Handler
 .text.USER_INT5_Handler
                0x000000f8        0x4 ./USER/gw1ns4c_it.o
                0x000000f8                USER_INT5_Handler
 .text.UART0_Handler
                0x000000fc        0x4 ./USER/gw1ns4c_it.o
                0x000000fc                UART0_Handler
 .text.UART1_Handler
                0x00000100        0x4 ./USER/gw1ns4c_it.o
                0x00000100                UART1_Handler
 .text.TIMER0_Handler
                0x00000104        0x4 ./USER/gw1ns4c_it.o
                0x00000104                TIMER0_Handler
 .text.TIMER1_Handler
                0x00000108        0x4 ./USER/gw1ns4c_it.o
                0x00000108                TIMER1_Handler
 .text.I2C_Handler
                0x0000010c        0x4 ./USER/gw1ns4c_it.o
                0x0000010c                I2C_Handler
 .text.RTC_Handler
                0x00000110        0x4 ./USER/gw1ns4c_it.o
                0x00000110                RTC_Handler
 .text.PORT0_0_Handler
                0x00000114        0x4 ./USER/gw1ns4c_it.o
                0x00000114                PORT0_0_Handler
 .text.PORT0_1_Handler
                0x00000118        0x4 ./USER/gw1ns4c_it.o
                0x00000118                PORT0_1_Handler
 .text.PORT0_2_Handler
                0x0000011c        0x4 ./USER/gw1ns4c_it.o
                0x0000011c                PORT0_2_Handler
 .text.PORT0_3_Handler
                0x00000120        0x4 ./USER/gw1ns4c_it.o
                0x00000120                PORT0_3_Handler
 .text.PORT0_4_Handler
                0x00000124        0x4 ./USER/gw1ns4c_it.o
                0x00000124                PORT0_4_Handler
 .text.PORT0_5_Handler
                0x00000128        0x4 ./USER/gw1ns4c_it.o
                0x00000128                PORT0_5_Handler
 .text.PORT0_6_Handler
                0x0000012c        0x4 ./USER/gw1ns4c_it.o
                0x0000012c                PORT0_6_Handler
 .text.PORT0_7_Handler
                0x00000130        0x4 ./USER/gw1ns4c_it.o
                0x00000130                PORT0_7_Handler
 .text.PORT0_8_Handler
                0x00000134        0x4 ./USER/gw1ns4c_it.o
                0x00000134                PORT0_8_Handler
 .text.PORT0_9_Handler
                0x00000138        0x4 ./USER/gw1ns4c_it.o
                0x00000138                PORT0_9_Handler
 .text.PORT0_10_Handler
                0x0000013c        0x4 ./USER/gw1ns4c_it.o
                0x0000013c                PORT0_10_Handler
 .text.PORT0_11_Handler
                0x00000140        0x4 ./USER/gw1ns4c_it.o
                0x00000140                PORT0_11_Handler
 .text.PORT0_12_Handler
                0x00000144        0x4 ./USER/gw1ns4c_it.o
                0x00000144                PORT0_12_Handler
 .text.PORT0_13_Handler
                0x00000148        0x4 ./USER/gw1ns4c_it.o
                0x00000148                PORT0_13_Handler
 .text.PORT0_14_Handler
                0x0000014c        0x4 ./USER/gw1ns4c_it.o
                0x0000014c                PORT0_14_Handler
 .text.PORT0_15_Handler
                0x00000150        0x4 ./USER/gw1ns4c_it.o
                0x00000150                PORT0_15_Handler
 .text.GPIOInit
                0x00000154       0x28 ./USER/main.o
                0x00000154                GPIOInit
 .text.UartInit
                0x0000017c       0x28 ./USER/main.o
                0x0000017c                UartInit
 .text.startup.main
                0x000001a4      0x4dc ./USER/main.o
                0x000001a4                main
 .text.SystemInit
                0x00000680       0x2c ./SYSTEM/system_gw1ns4c.o
                0x00000680                SystemInit
 .text          0x000006ac       0x98 ./STARTUP/startup_gw1ns4c.o
                0x000006ac                Reset_Handler
                0x00000712                PORT0_COMB_Handler
                0x0000071c                UARTOVF_Handler
                0x00000722                Spare15_Handler
 .text.GPIO_Init
                0x00000744       0xc8 ./PERIPHERAL/Sources/gw1ns4c_gpio.o
                0x00000744                GPIO_Init
 .text.GPIO_SetBit
                0x0000080c        0x8 ./PERIPHERAL/Sources/gw1ns4c_gpio.o
                0x0000080c                GPIO_SetBit
 .text.UART_Init
                0x00000814       0x80 ./PERIPHERAL/Sources/gw1ns4c_uart.o
                0x00000814                UART_Init
 .text.UART_SendChar
                0x00000894        0xc ./PERIPHERAL/Sources/gw1ns4c_uart.o
                0x00000894                UART_SendChar
 .text.UART_ReceiveChar
                0x000008a0        0xc ./PERIPHERAL/Sources/gw1ns4c_uart.o
                0x000008a0                UART_ReceiveChar
 .text.exit     0x000008ac       0x20 c:/gmd/toolchain/arm_toolchain/bin/../lib/gcc/arm-none-eabi/8.3.1/../../../../arm-none-eabi/lib/thumb/v7-m/nofp\libg.a(lib_a-exit.o)
                0x000008ac                exit
 .text.__call_exitprocs
                0x000008cc       0xb0 c:/gmd/toolchain/arm_toolchain/bin/../lib/gcc/arm-none-eabi/8.3.1/../../../../arm-none-eabi/lib/thumb/v7-m/nofp\libg.a(lib_a-__call_atexit.o)
                0x000008cc                __call_exitprocs
 .text.__retarget_lock_acquire_recursive
                0x0000097c        0x4 c:/gmd/toolchain/arm_toolchain/bin/../lib/gcc/arm-none-eabi/8.3.1/../../../../arm-none-eabi/lib/thumb/v7-m/nofp\libg.a(lib_a-lock.o)
                0x0000097c                __retarget_lock_acquire_recursive
 .text.__retarget_lock_release_recursive
                0x00000980        0x4 c:/gmd/toolchain/arm_toolchain/bin/../lib/gcc/arm-none-eabi/8.3.1/../../../../arm-none-eabi/lib/thumb/v7-m/nofp\libg.a(lib_a-lock.o)
                0x00000980                __retarget_lock_release_recursive
 .text._exit    0x00000984        0x4 c:/gmd/toolchain/arm_toolchain/bin/../lib/gcc/arm-none-eabi/8.3.1/../../../../arm-none-eabi/lib/thumb/v7-m/nofp\libnosys.a(_exit.o)
                0x00000984                _exit
 *(.init)
 .init          0x00000988        0x4 c:/gmd/toolchain/arm_toolchain/bin/../lib/gcc/arm-none-eabi/8.3.1/thumb/v7-m/nofp/crti.o
                0x00000988                _init
 *(.fini)
 .fini          0x0000098c        0x4 c:/gmd/toolchain/arm_toolchain/bin/../lib/gcc/arm-none-eabi/8.3.1/thumb/v7-m/nofp/crti.o
                0x0000098c                _fini
 *crtbegin.o(.ctors)
 *crtbegin?.o(.ctors)
 *(EXCLUDE_FILE(*crtend.o *crtend?.o) .ctors)
 *(SORT_BY_NAME(.ctors.*))
 *(.ctors)
 *crtbegin.o(.dtors)
 *crtbegin?.o(.dtors)
 *(EXCLUDE_FILE(*crtend.o *crtend?.o) .dtors)
 *(SORT_BY_NAME(.dtors.*))
 *(.dtors)
 *(.rodata*)
 .rodata.main.str1.4
                0x00000990       0x14 ./USER/main.o
 .rodata._global_impure_ptr
                0x000009a4        0x4 c:/gmd/toolchain/arm_toolchain/bin/../lib/gcc/arm-none-eabi/8.3.1/../../../../arm-none-eabi/lib/thumb/v7-m/nofp\libg.a(lib_a-impure.o)
                0x000009a4                _global_impure_ptr
 *(.eh_frame*)

.glue_7         0x000009a8        0x0
 .glue_7        0x000009a8        0x0 linker stubs

.glue_7t        0x000009a8        0x0
 .glue_7t       0x000009a8        0x0 linker stubs

.vfp11_veneer   0x000009a8        0x0
 .vfp11_veneer  0x000009a8        0x0 linker stubs

.v4_bx          0x000009a8        0x0
 .v4_bx         0x000009a8        0x0 linker stubs

.iplt           0x000009a8        0x0
 .iplt          0x000009a8        0x0 ./USER/gw1ns4c_it.o

.rel.dyn        0x000009a8        0x0
 .rel.iplt      0x000009a8        0x0 ./USER/gw1ns4c_it.o

.ARM.extab
 *(.ARM.extab* .gnu.linkonce.armextab.*)
                0x000009a8                __exidx_start = .

.ARM.exidx
 *(.ARM.exidx* .gnu.linkonce.armexidx.*)
                0x000009a8                __exidx_end = .
                0x000009a8                __etext = .

.data           0x20000000      0x43c load address 0x000009a8
                0x20000000                __data_start__ = .
 *(vtable)
 *(.data*)
 .data.HCLK     0x20000000        0x4 ./SYSTEM/system_gw1ns4c.o
                0x20000000                HCLK
 .data.PCLK1    0x20000004        0x4 ./SYSTEM/system_gw1ns4c.o
                0x20000004                PCLK1
 .data.PCLK2    0x20000008        0x4 ./SYSTEM/system_gw1ns4c.o
                0x20000008                PCLK2
 .data.SystemCoreClock
                0x2000000c        0x4 ./SYSTEM/system_gw1ns4c.o
                0x2000000c                SystemCoreClock
 .data.impure_data
                0x20000010      0x428 c:/gmd/toolchain/arm_toolchain/bin/../lib/gcc/arm-none-eabi/8.3.1/../../../../arm-none-eabi/lib/thumb/v7-m/nofp\libg.a(lib_a-impure.o)
 .data.__atexit_recursive_mutex
                0x20000438        0x4 c:/gmd/toolchain/arm_toolchain/bin/../lib/gcc/arm-none-eabi/8.3.1/../../../../arm-none-eabi/lib/thumb/v7-m/nofp\libg.a(lib_a-__call_atexit.o)
                0x20000438                __atexit_recursive_mutex
                0x2000043c                . = ALIGN (0x4)
                0x2000043c                PROVIDE (__preinit_array_start = .)
 *(.preinit_array)
                0x2000043c                PROVIDE (__preinit_array_end = .)
                0x2000043c                . = ALIGN (0x4)
                0x2000043c                PROVIDE (__init_array_start = .)
 *(SORT_BY_NAME(.init_array.*))
 *(.init_array)
                0x2000043c                PROVIDE (__init_array_end = .)
                0x2000043c                . = ALIGN (0x4)
                0x2000043c                PROVIDE (__fini_array_start = .)
 *(SORT_BY_NAME(.fini_array.*))
 *(.fini_array)
                0x2000043c                PROVIDE (__fini_array_end = .)
                0x2000043c                . = ALIGN (0x4)
                0x2000043c                __data_end__ = .

.igot.plt       0x2000043c        0x0 load address 0x00000de4
 .igot.plt      0x2000043c        0x0 ./USER/gw1ns4c_it.o

.bss            0x2000043c       0x24 load address 0x00000de4
                0x2000043c                . = ALIGN (0x4)
                0x2000043c                __bss_start__ = .
 *(.bss*)
 *(COMMON)
 COMMON         0x2000043c       0x21 c:/gmd/toolchain/arm_toolchain/bin/../lib/gcc/arm-none-eabi/8.3.1/../../../../arm-none-eabi/lib/thumb/v7-m/nofp\libg.a(lib_a-lock.o)
                0x2000043c                __lock___atexit_recursive_mutex
                0x20000440                __lock___arc4random_mutex
                0x20000444                __lock___env_recursive_mutex
                0x20000448                __lock___sinit_recursive_mutex
                0x2000044c                __lock___malloc_recursive_mutex
                0x20000450                __lock___at_quick_exit_mutex
                0x20000454                __lock___dd_hash_mutex
                0x20000458                __lock___tz_mutex
                0x2000045c                __lock___sfp_recursive_mutex
                0x20000460                . = ALIGN (0x4)
 *fill*         0x2000045d        0x3 
                0x20000460                __bss_end__ = .

.heap           0x20000460      0x200
                0x20000460                __end__ = .
                0x20000460                end = __end__
 *(.heap*)
 .heap          0x20000460      0x200 ./STARTUP/startup_gw1ns4c.o
                0x20000460                __HeapBase
                0x20000660                __HeapLimit = .

.stack_dummy    0x20000460      0x400
 *(.stack*)
 .stack         0x20000460      0x400 ./STARTUP/startup_gw1ns4c.o
                0x20004000                __StackTop = (ORIGIN (RAM) + LENGTH (RAM))
                0x20003c00                __StackLimit = (__StackTop - SIZEOF (.stack_dummy))
                0x20004000                PROVIDE (__stack = __StackTop)
                0x00000001                ASSERT ((__StackLimit >= __HeapLimit), region RAM overflowed with stack)
OUTPUT(cm3_mon.elf elf32-littlearm)

.ARM.attributes
                0x00000000       0x29
 .ARM.attributes
                0x00000000       0x1d c:/gmd/toolchain/arm_toolchain/bin/../lib/gcc/arm-none-eabi/8.3.1/thumb/v7-m/nofp/crti.o
 .ARM.attributes
                0x0000001d       0x2d ./USER/gw1ns4c_it.o
 .ARM.attributes
                0x0000004a       0x2d ./USER/main.o
 .ARM.attributes
                0x00000077       0x2d ./SYSTEM/system_gw1ns4c.o
 .ARM.attributes
                0x000000a4       0x1b ./STARTUP/startup_gw1ns4c.o
 .ARM.attributes
                0x000000bf       0x2d ./PERIPHERAL/Sources/gw1ns4c_gpio.o
 .ARM.attributes
                0x000000ec       0x2d ./PERIPHERAL/Sources/gw1ns4c_uart.o
 .ARM.attributes
                0x00000119       0x2d c:/gmd/toolchain/arm_toolchain/bin/../lib/gcc/arm-none-eabi/8.3.1/../../../../arm-none-eabi/lib/thumb/v7-m/nofp\libg.a(lib_a-exit.o)
 .ARM.attributes
                0x00000146       0x2d c:/gmd/toolchain/arm_toolchain/bin/../lib/gcc/arm-none-eabi/8.3.1/../../../../arm-none-eabi/lib/thumb/v7-m/nofp\libg.a(lib_a-impure.o)
 .ARM.attributes
                0x00000173       0x2d c:/gmd/toolchain/arm_toolchain/bin/../lib/gcc/arm-none-eabi/8.3.1/../../../../arm-none-eabi/lib/thumb/v7-m/nofp\libg.a(lib_a-__call_atexit.o)
 .ARM.attributes
                0x000001a0       0x2d c:/gmd/toolchain/arm_toolchain/bin/../lib/gcc/arm-none-eabi/8.3.1/../../../../arm-none-eabi/lib/thumb/v7-m/nofp\libg.a(lib_a-lock.o)
 .ARM.attributes
                0x000001cd       0x2d c:/gmd/toolchain/arm_toolchain/bin/../lib/gcc/arm-none-eabi/8.3.1/../../../../arm-none-eabi/lib/thumb/v7-m/nofp\libnosys.a(_exit.o)

.comment        0x00000000       0x76
 .comment       0x00000000       0x76 ./USER/gw1ns4c_it.o
                                 0x77 (size before relaxing)
 .comment       0x00000076       0x77 ./USER/main.o
 .comment       0x00000076       0x77 ./SYSTEM/system_gw1ns4c.o
 .comment       0x00000076       0x77 ./PERIPHERAL/Sources/gw1ns4c_gpio.o
 .comment       0x00000076       0x77 ./PERIPHERAL/Sources/gw1ns4c_uart.o

.debug_info     0x00000000     0x5d79
 .debug_info    0x00000000      0x23a ./USER/gw1ns4c_it.o
 .debug_info    0x0000023a     0x4b92 ./USER/main.o
 .debug_info    0x00004dcc      0x11c ./SYSTEM/system_gw1ns4c.o
 .debug_info    0x00004ee8       0x26 ./STARTUP/startup_gw1ns4c.o
 .debug_info    0x00004f0e      0x778 ./PERIPHERAL/Sources/gw1ns4c_gpio.o
 .debug_info    0x00005686      0x6f3 ./PERIPHERAL/Sources/gw1ns4c_uart.o

.debug_abbrev   0x00000000      0xa47
 .debug_abbrev  0x00000000       0xc8 ./USER/gw1ns4c_it.o
 .debug_abbrev  0x000000c8      0x49d ./USER/main.o
 .debug_abbrev  0x00000565       0xa3 ./SYSTEM/system_gw1ns4c.o
 .debug_abbrev  0x00000608       0x14 ./STARTUP/startup_gw1ns4c.o
 .debug_abbrev  0x0000061c      0x1f4 ./PERIPHERAL/Sources/gw1ns4c_gpio.o
 .debug_abbrev  0x00000810      0x237 ./PERIPHERAL/Sources/gw1ns4c_uart.o

.debug_aranges  0x00000000      0x2a8
 .debug_aranges
                0x00000000       0x40 ./USER/gw1ns4c_it.o
 .debug_aranges
                0x00000040       0xb0 ./USER/main.o
 .debug_aranges
                0x000000f0       0x20 ./SYSTEM/system_gw1ns4c.o
 .debug_aranges
                0x00000110       0x20 ./STARTUP/startup_gw1ns4c.o
 .debug_aranges
                0x00000130       0xb8 ./PERIPHERAL/Sources/gw1ns4c_gpio.o
 .debug_aranges
                0x000001e8       0xc0 ./PERIPHERAL/Sources/gw1ns4c_uart.o

.debug_ranges   0x00000000     0x1808
 .debug_ranges  0x00000000       0x30 ./USER/gw1ns4c_it.o
 .debug_ranges  0x00000030     0x1670 ./USER/main.o
 .debug_ranges  0x000016a0       0x10 ./SYSTEM/system_gw1ns4c.o
 .debug_ranges  0x000016b0       0xa8 ./PERIPHERAL/Sources/gw1ns4c_gpio.o
 .debug_ranges  0x00001758       0xb0 ./PERIPHERAL/Sources/gw1ns4c_uart.o

.debug_macro    0x00000000     0x306a
 .debug_macro   0x00000000      0x100 ./USER/gw1ns4c_it.o
 .debug_macro   0x00000100      0xa78 ./USER/gw1ns4c_it.o
 .debug_macro   0x00000b78       0x22 ./USER/gw1ns4c_it.o
 .debug_macro   0x00000b9a       0x22 ./USER/gw1ns4c_it.o
 .debug_macro   0x00000bbc       0x22 ./USER/gw1ns4c_it.o
 .debug_macro   0x00000bde       0x8e ./USER/gw1ns4c_it.o
 .debug_macro   0x00000c6c       0x51 ./USER/gw1ns4c_it.o
 .debug_macro   0x00000cbd      0x103 ./USER/gw1ns4c_it.o
 .debug_macro   0x00000dc0       0x6a ./USER/gw1ns4c_it.o
 .debug_macro   0x00000e2a      0x1df ./USER/gw1ns4c_it.o
 .debug_macro   0x00001009      0x7b7 ./USER/gw1ns4c_it.o
 .debug_macro   0x000017c0      0x314 ./USER/gw1ns4c_it.o
 .debug_macro   0x00001ad4       0x6a ./USER/gw1ns4c_it.o
 .debug_macro   0x00001b3e       0x3a ./USER/gw1ns4c_it.o
 .debug_macro   0x00001b78       0x7c ./USER/gw1ns4c_it.o
 .debug_macro   0x00001bf4       0x22 ./USER/gw1ns4c_it.o
 .debug_macro   0x00001c16       0x94 ./USER/gw1ns4c_it.o
 .debug_macro   0x00001caa       0x58 ./USER/gw1ns4c_it.o
 .debug_macro   0x00001d02       0x34 ./USER/gw1ns4c_it.o
 .debug_macro   0x00001d36       0x1c ./USER/gw1ns4c_it.o
 .debug_macro   0x00001d52      0x2c2 ./USER/main.o
 .debug_macro   0x00002014       0x5e ./USER/main.o
 .debug_macro   0x00002072       0x18 ./USER/main.o
 .debug_macro   0x0000208a       0x35 ./USER/main.o
 .debug_macro   0x000020bf       0x34 ./USER/main.o
 .debug_macro   0x000020f3       0x16 ./USER/main.o
 .debug_macro   0x00002109       0x97 ./USER/main.o
 .debug_macro   0x000021a0      0x339 ./USER/main.o
 .debug_macro   0x000024d9       0xfd ./USER/main.o
 .debug_macro   0x000025d6       0x10 ./USER/main.o
 .debug_macro   0x000025e6       0x16 ./USER/main.o
 .debug_macro   0x000025fc       0x43 ./USER/main.o
 .debug_macro   0x0000263f       0x34 ./USER/main.o
 .debug_macro   0x00002673       0x10 ./USER/main.o
 .debug_macro   0x00002683       0x58 ./USER/main.o
 .debug_macro   0x000026db      0x182 ./USER/main.o
 .debug_macro   0x0000285d       0x10 ./USER/main.o
 .debug_macro   0x0000286d       0x1c ./USER/main.o
 .debug_macro   0x00002889       0x52 ./USER/main.o
 .debug_macro   0x000028db       0x40 ./USER/main.o
 .debug_macro   0x0000291b       0x10 ./USER/main.o
 .debug_macro   0x0000292b       0x40 ./USER/main.o
 .debug_macro   0x0000296b       0xd5 ./USER/main.o
 .debug_macro   0x00002a40       0x1c ./USER/main.o
 .debug_macro   0x00002a5c       0x3d ./USER/main.o
 .debug_macro   0x00002a99       0x16 ./USER/main.o
 .debug_macro   0x00002aaf      0x16f ./USER/main.o
 .debug_macro   0x00002c1e       0x16 ./USER/main.o
 .debug_macro   0x00002c34       0x35 ./USER/main.o
 .debug_macro   0x00002c69       0x16 ./USER/main.o
 .debug_macro   0x00002c7f       0x29 ./USER/main.o
 .debug_macro   0x00002ca8       0x16 ./USER/main.o
 .debug_macro   0x00002cbe      0x102 ./SYSTEM/system_gw1ns4c.o
 .debug_macro   0x00002dc0      0x100 ./PERIPHERAL/Sources/gw1ns4c_gpio.o
 .debug_macro   0x00002ec0       0x34 ./PERIPHERAL/Sources/gw1ns4c_gpio.o
 .debug_macro   0x00002ef4      0x100 ./PERIPHERAL/Sources/gw1ns4c_uart.o
 .debug_macro   0x00002ff4       0x76 ./PERIPHERAL/Sources/gw1ns4c_uart.o

.debug_line     0x00000000     0x2f11
 .debug_line    0x00000000      0x3b1 ./USER/gw1ns4c_it.o
 .debug_line    0x000003b1     0x1957 ./USER/main.o
 .debug_line    0x00001d08      0x36c ./SYSTEM/system_gw1ns4c.o
 .debug_line    0x00002074       0x98 ./STARTUP/startup_gw1ns4c.o
 .debug_line    0x0000210c      0x75e ./PERIPHERAL/Sources/gw1ns4c_gpio.o
 .debug_line    0x0000286a      0x6a7 ./PERIPHERAL/Sources/gw1ns4c_uart.o

.debug_str      0x00000000     0xd272
 .debug_str     0x00000000     0x8935 ./USER/gw1ns4c_it.o
                               0x8a9e (size before relaxing)
 .debug_str     0x00008935     0x4534 ./USER/main.o
                               0xce46 (size before relaxing)
 .debug_str     0x0000ce69       0x62 ./SYSTEM/system_gw1ns4c.o
                               0x8892 (size before relaxing)
 .debug_str     0x0000cecb       0x2b ./STARTUP/startup_gw1ns4c.o
                                 0x52 (size before relaxing)
 .debug_str     0x0000cef6      0x17c ./PERIPHERAL/Sources/gw1ns4c_gpio.o
                               0x8b54 (size before relaxing)
 .debug_str     0x0000d072      0x200 ./PERIPHERAL/Sources/gw1ns4c_uart.o
                               0x8b75 (size before relaxing)

.debug_frame    0x00000000      0x98c
 .debug_frame   0x00000000      0x260 ./USER/gw1ns4c_it.o
 .debug_frame   0x00000260      0x2a4 ./USER/main.o
 .debug_frame   0x00000504       0x48 ./SYSTEM/system_gw1ns4c.o
 .debug_frame   0x0000054c      0x180 ./PERIPHERAL/Sources/gw1ns4c_gpio.o
 .debug_frame   0x000006cc      0x16c ./PERIPHERAL/Sources/gw1ns4c_uart.o
 .debug_frame   0x00000838       0x28 c:/gmd/toolchain/arm_toolchain/bin/../lib/gcc/arm-none-eabi/8.3.1/../../../../arm-none-eabi/lib/thumb/v7-m/nofp\libg.a(lib_a-exit.o)
 .debug_frame   0x00000860       0x5c c:/gmd/toolchain/arm_toolchain/bin/../lib/gcc/arm-none-eabi/8.3.1/../../../../arm-none-eabi/lib/thumb/v7-m/nofp\libg.a(lib_a-__call_atexit.o)
 .debug_frame   0x000008bc       0xb0 c:/gmd/toolchain/arm_toolchain/bin/../lib/gcc/arm-none-eabi/8.3.1/../../../../arm-none-eabi/lib/thumb/v7-m/nofp\libg.a(lib_a-lock.o)
 .debug_frame   0x0000096c       0x20 c:/gmd/toolchain/arm_toolchain/bin/../lib/gcc/arm-none-eabi/8.3.1/../../../../arm-none-eabi/lib/thumb/v7-m/nofp\libnosys.a(_exit.o)

.debug_loc      0x00000000     0x4aff
 .debug_loc     0x00000000     0x3dc0 ./USER/main.o
 .debug_loc     0x00003dc0      0x337 ./PERIPHERAL/Sources/gw1ns4c_gpio.o
 .debug_loc     0x000040f7      0xa08 ./PERIPHERAL/Sources/gw1ns4c_uart.o
